// Jest Snapshot v1, https://goo.gl/fbAQLP

exports[`icon ICON æ˜¯ SVG 1`] = `
<svg
  className="fui-icon"
>
  <use
    xlinkHref="#baidu"
  />
</svg>
`;
